// Jest Snapshot v1, https://goo.gl/fbAQLP

exports[`<Configuration /> render() renders the component 1`] = `
<WithStyles(Grid)
  alignItems="center"
  container={true}
  justify="center"
  spacing={40}
  style={
    Object {
      "minHeight": "5px",
    }
  }
>
  <WithStyles(Grid)
    alignItems="center"
    container={true}
    item={true}
    justify="center"
    xs={10}
  >
    <WithStyles(Grid)
      className="Configuration-title-1"
      item={true}
      xs={4}
    >
      <h2
        justify="left"
      >
        Upload arquivo de 
        Configuração
      </h2>
    </WithStyles(Grid)>
    <WithStyles(Grid)
      className="Configuration-grid-2"
      item={true}
      xs={4}
    >
      <WithStyles(Input)
        name="configuration"
        onChange={[Function]}
        type="file"
      />
    </WithStyles(Grid)>
  </WithStyles(Grid)>
  <WithStyles(Grid)
    className="Configuration-title-1"
    item={true}
    xs={4}
  >
    <WithStyles(FormControl)
      className="Configuration-formControl-3"
      variant="outlined"
    >
      <WithStyles(WithFormControlContext(InputLabel))
        htmlFor="outlined-age-simple"
      >
        Configurações
      </WithStyles(WithFormControlContext(InputLabel))>
      <WithStyles(WithFormControlContext(Select))
        input={
          <WithStyles(OutlinedInput)
            id="outlined-age-simple"
            labelWidth={0}
            name="dataBaseConfiguration"
          />
        }
        onChange={[Function]}
        value={0}
      >
        <WithStyles(MenuItem)
          key="0"
          value={0}
        />
      </WithStyles(WithFormControlContext(Select))>
    </WithStyles(FormControl)>
  </WithStyles(Grid)>
  <WithStyles(ReduxForm)
    configuration={
      Object {
        "CONFIG_ENSAIO": Object {
          "LSL": "",
          "LWT": "",
          "NOS": "",
          "TAO": false,
          "TAS": "",
          "TAT": "",
          "TBS": "",
          "TMO": false,
          "USL": "",
          "UWT": "",
        },
      }
    }
  />
  <WithStyles(Button)
    color="secondary"
    onClick={[Function]}
    variant="contained"
  >
    Padrão
  </WithStyles(Button)>
</WithStyles(Grid)>
`;
