// Jest Snapshot v1, https://goo.gl/fbAQLP

exports[`<Speed /> render() renders the component 1`] = `<Connect(WithStyles(ReduxForm)) />`;
